Archive member included to satisfy reference by file (symbol)

d:/atmeltoolchain_balboa/tools/compiler/bin/../lib/gcc/avr/5.4.0/avr5\libgcc.a(_divmodsi4.o)
                              out/objects/uartQueue.o (__divmodsi4)
d:/atmeltoolchain_balboa/tools/compiler/bin/../lib/gcc/avr/5.4.0/avr5\libgcc.a(_negsi2.o)
                              d:/atmeltoolchain_balboa/tools/compiler/bin/../lib/gcc/avr/5.4.0/avr5\libgcc.a(_divmodsi4.o) (__negsi2)
d:/atmeltoolchain_balboa/tools/compiler/bin/../lib/gcc/avr/5.4.0/avr5\libgcc.a(_exit.o)
                              d:/atmeltoolchain_balboa/tools/compiler/bin/../lib/gcc/avr/5.4.0/../../../../avr/lib/avr5/crtatmega32u4.o (exit)
d:/atmeltoolchain_balboa/tools/compiler/bin/../lib/gcc/avr/5.4.0/avr5\libgcc.a(_copy_data.o)
                              out/objects/motors.o (__do_copy_data)
d:/atmeltoolchain_balboa/tools/compiler/bin/../lib/gcc/avr/5.4.0/avr5\libgcc.a(_clear_bss.o)
                              out/objects/os.o (__do_clear_bss)
d:/atmeltoolchain_balboa/tools/compiler/bin/../lib/gcc/avr/5.4.0/avr5\libgcc.a(_prologue.o)
                              out/objects/os.o (__prologue_saves__)
d:/atmeltoolchain_balboa/tools/compiler/bin/../lib/gcc/avr/5.4.0/avr5\libgcc.a(_epilogue.o)
                              out/objects/uart.o (__epilogue_restores__)
d:/atmeltoolchain_balboa/tools/compiler/bin/../lib/gcc/avr/5.4.0/avr5\libgcc.a(_udivmodsi4.o)
                              d:/atmeltoolchain_balboa/tools/compiler/bin/../lib/gcc/avr/5.4.0/avr5\libgcc.a(_divmodsi4.o) (__udivmodsi4)

Allocating common symbols
Common symbol       size              file

uartPWM1            0x2               out/objects/uart.o
Tasks               0x24              out/objects/os.o
uartPWM2            0x2               out/objects/uart.o

Memory Configuration

Name             Origin             Length             Attributes
text             0x00000000         0x00020000         xr
data             0x00800060         0x0000ffa0         rw !x
eeprom           0x00810000         0x00010000         rw !x
fuse             0x00820000         0x00000003         rw !x
lock             0x00830000         0x00000400         rw !x
signature        0x00840000         0x00000400         rw !x
user_signatures  0x00850000         0x00000400         rw !x
*default*        0x00000000         0xffffffff

Linker script and memory map

Address of section .data set to 0x800100
LOAD d:/atmeltoolchain_balboa/tools/compiler/bin/../lib/gcc/avr/5.4.0/../../../../avr/lib/avr5/crtatmega32u4.o
LOAD out/objects/initialization.o
LOAD out/objects/main.o
LOAD out/objects/motors.o
LOAD out/objects/os.o
LOAD out/objects/timer.o
LOAD out/objects/uart.o
LOAD out/objects/uartQueue.o
START GROUP
LOAD d:/atmeltoolchain_balboa/tools/compiler/bin/../lib/gcc/avr/5.4.0/avr5\libgcc.a
LOAD d:/atmeltoolchain_balboa/tools/compiler/bin/../lib/gcc/avr/5.4.0/../../../../avr/lib/avr5\libm.a
LOAD d:/atmeltoolchain_balboa/tools/compiler/bin/../lib/gcc/avr/5.4.0/../../../../avr/lib/avr5\libc.a
LOAD d:/atmeltoolchain_balboa/tools/compiler/bin/../lib/gcc/avr/5.4.0/../../../../avr/lib/avr5\libatmega32u4.a
END GROUP
                0x00020000                __TEXT_REGION_LENGTH__ = DEFINED (__TEXT_REGION_LENGTH__)?__TEXT_REGION_LENGTH__:0x20000
                0x0000ffa0                __DATA_REGION_LENGTH__ = DEFINED (__DATA_REGION_LENGTH__)?__DATA_REGION_LENGTH__:0xffa0
                0x00010000                __EEPROM_REGION_LENGTH__ = DEFINED (__EEPROM_REGION_LENGTH__)?__EEPROM_REGION_LENGTH__:0x10000
                [0x00000003]                __FUSE_REGION_LENGTH__ = DEFINED (__FUSE_REGION_LENGTH__)?__FUSE_REGION_LENGTH__:0x400
                0x00000400                __LOCK_REGION_LENGTH__ = DEFINED (__LOCK_REGION_LENGTH__)?__LOCK_REGION_LENGTH__:0x400
                0x00000400                __SIGNATURE_REGION_LENGTH__ = DEFINED (__SIGNATURE_REGION_LENGTH__)?__SIGNATURE_REGION_LENGTH__:0x400
                0x00000400                __USER_SIGNATURE_REGION_LENGTH__ = DEFINED (__USER_SIGNATURE_REGION_LENGTH__)?__USER_SIGNATURE_REGION_LENGTH__:0x400

.hash
 *(.hash)

.dynsym
 *(.dynsym)

.dynstr
 *(.dynstr)

.gnu.version
 *(.gnu.version)

.gnu.version_d
 *(.gnu.version_d)

.gnu.version_r
 *(.gnu.version_r)

.rel.init
 *(.rel.init)

.rela.init
 *(.rela.init)

.rel.text
 *(.rel.text)
 *(.rel.text.*)
 *(.rel.gnu.linkonce.t*)

.rela.text
 *(.rela.text)
 *(.rela.text.*)
 *(.rela.gnu.linkonce.t*)

.rel.fini
 *(.rel.fini)

.rela.fini
 *(.rela.fini)

.rel.rodata
 *(.rel.rodata)
 *(.rel.rodata.*)
 *(.rel.gnu.linkonce.r*)

.rela.rodata
 *(.rela.rodata)
 *(.rela.rodata.*)
 *(.rela.gnu.linkonce.r*)

.rel.data
 *(.rel.data)
 *(.rel.data.*)
 *(.rel.gnu.linkonce.d*)

.rela.data
 *(.rela.data)
 *(.rela.data.*)
 *(.rela.gnu.linkonce.d*)

.rel.ctors
 *(.rel.ctors)

.rela.ctors
 *(.rela.ctors)

.rel.dtors
 *(.rel.dtors)

.rela.dtors
 *(.rela.dtors)

.rel.got
 *(.rel.got)

.rela.got
 *(.rela.got)

.rel.bss
 *(.rel.bss)

.rela.bss
 *(.rela.bss)

.rel.plt
 *(.rel.plt)

.rela.plt
 *(.rela.plt)

.text           0x00000000      0x774
 *(.vectors)
 .vectors       0x00000000       0xac d:/atmeltoolchain_balboa/tools/compiler/bin/../lib/gcc/avr/5.4.0/../../../../avr/lib/avr5/crtatmega32u4.o
                0x00000000                __vector_default
                0x00000000                __vectors
 *(.vectors)
 *(.progmem.gcc*)
                0x000000ac                . = ALIGN (0x2)
                0x000000ac                __trampolines_start = .
 *(.trampolines)
 .trampolines   0x000000ac        0x0 linker stubs
 *(.trampolines*)
                0x000000ac                __trampolines_end = .
 *libprintf_flt.a:*(.progmem.data)
 *libc.a:*(.progmem.data)
 *(.progmem*)
                0x000000ac                . = ALIGN (0x2)
 *(.jumptables)
 *(.jumptables*)
 *(.lowtext)
 *(.lowtext*)
                0x000000ac                __ctors_start = .
 *(.ctors)
                0x000000ac                __ctors_end = .
                0x000000ac                __dtors_start = .
 *(.dtors)
                0x000000ac                __dtors_end = .
 SORT(*)(.ctors)
 SORT(*)(.dtors)
 *(.init0)
 .init0         0x000000ac        0x0 d:/atmeltoolchain_balboa/tools/compiler/bin/../lib/gcc/avr/5.4.0/../../../../avr/lib/avr5/crtatmega32u4.o
                0x000000ac                __init
 *(.init0)
 *(.init1)
 *(.init1)
 *(.init2)
 .init2         0x000000ac        0xc d:/atmeltoolchain_balboa/tools/compiler/bin/../lib/gcc/avr/5.4.0/../../../../avr/lib/avr5/crtatmega32u4.o
 *(.init2)
 *(.init3)
 *(.init3)
 *(.init4)
 .init4         0x000000b8       0x16 d:/atmeltoolchain_balboa/tools/compiler/bin/../lib/gcc/avr/5.4.0/avr5\libgcc.a(_copy_data.o)
                0x000000b8                __do_copy_data
 .init4         0x000000ce       0x10 d:/atmeltoolchain_balboa/tools/compiler/bin/../lib/gcc/avr/5.4.0/avr5\libgcc.a(_clear_bss.o)
                0x000000ce                __do_clear_bss
 *(.init4)
 *(.init5)
 *(.init5)
 *(.init6)
 *(.init6)
 *(.init7)
 *(.init7)
 *(.init8)
 *(.init8)
 *(.init9)
 .init9         0x000000de        0x4 d:/atmeltoolchain_balboa/tools/compiler/bin/../lib/gcc/avr/5.4.0/../../../../avr/lib/avr5/crtatmega32u4.o
 *(.init9)
 *(.text)
 .text          0x000000e2        0x2 d:/atmeltoolchain_balboa/tools/compiler/bin/../lib/gcc/avr/5.4.0/../../../../avr/lib/avr5/crtatmega32u4.o
                0x000000e2                __vector_38
                0x000000e2                __vector_22
                0x000000e2                __vector_28
                0x000000e2                __vector_1
                0x000000e2                __vector_32
                0x000000e2                __vector_34
                0x000000e2                __vector_24
                0x000000e2                __vector_12
                0x000000e2                __bad_interrupt
                0x000000e2                __vector_6
                0x000000e2                __vector_31
                0x000000e2                __vector_35
                0x000000e2                __vector_39
                0x000000e2                __vector_3
                0x000000e2                __vector_23
                0x000000e2                __vector_30
                0x000000e2                __vector_11
                0x000000e2                __vector_13
                0x000000e2                __vector_17
                0x000000e2                __vector_19
                0x000000e2                __vector_7
                0x000000e2                __vector_41
                0x000000e2                __vector_5
                0x000000e2                __vector_33
                0x000000e2                __vector_37
                0x000000e2                __vector_4
                0x000000e2                __vector_9
                0x000000e2                __vector_2
                0x000000e2                __vector_21
                0x000000e2                __vector_15
                0x000000e2                __vector_36
                0x000000e2                __vector_29
                0x000000e2                __vector_40
                0x000000e2                __vector_8
                0x000000e2                __vector_26
                0x000000e2                __vector_14
                0x000000e2                __vector_10
                0x000000e2                __vector_16
                0x000000e2                __vector_18
                0x000000e2                __vector_42
 .text          0x000000e4        0x0 out/objects/initialization.o
 .text          0x000000e4        0x0 out/objects/main.o
 .text          0x000000e4        0x0 out/objects/motors.o
 .text          0x000000e4        0x0 out/objects/os.o
 .text          0x000000e4        0x0 out/objects/timer.o
 .text          0x000000e4        0x0 out/objects/uart.o
 .text          0x000000e4        0x0 out/objects/uartQueue.o
 .text          0x000000e4        0x0 d:/atmeltoolchain_balboa/tools/compiler/bin/../lib/gcc/avr/5.4.0/avr5\libgcc.a(_divmodsi4.o)
 .text          0x000000e4        0x0 d:/atmeltoolchain_balboa/tools/compiler/bin/../lib/gcc/avr/5.4.0/avr5\libgcc.a(_negsi2.o)
 .text          0x000000e4        0x0 d:/atmeltoolchain_balboa/tools/compiler/bin/../lib/gcc/avr/5.4.0/avr5\libgcc.a(_exit.o)
 .text          0x000000e4        0x0 d:/atmeltoolchain_balboa/tools/compiler/bin/../lib/gcc/avr/5.4.0/avr5\libgcc.a(_copy_data.o)
 .text          0x000000e4        0x0 d:/atmeltoolchain_balboa/tools/compiler/bin/../lib/gcc/avr/5.4.0/avr5\libgcc.a(_clear_bss.o)
 .text          0x000000e4        0x0 d:/atmeltoolchain_balboa/tools/compiler/bin/../lib/gcc/avr/5.4.0/avr5\libgcc.a(_prologue.o)
 .text          0x000000e4        0x0 d:/atmeltoolchain_balboa/tools/compiler/bin/../lib/gcc/avr/5.4.0/avr5\libgcc.a(_epilogue.o)
 .text          0x000000e4        0x0 d:/atmeltoolchain_balboa/tools/compiler/bin/../lib/gcc/avr/5.4.0/avr5\libgcc.a(_udivmodsi4.o)
                0x000000e4                . = ALIGN (0x2)
 *(.text.*)
 .text.Initialization
                0x000000e4        0xa out/objects/initialization.o
                0x000000e4                Initialization
 .text.main     0x000000ee        0xc out/objects/main.o
                0x000000ee                main
 .text.motorsInit
                0x000000fa        0xe out/objects/motors.o
                0x000000fa                motorsInit
 .text.SetSpeed
                0x00000108       0x7e out/objects/motors.o
                0x00000108                SetSpeed
 .text.Task10ms
                0x00000186        0x2 out/objects/os.o
                0x00000186                Task10ms
 .text.Task100ms
                0x00000188        0x2 out/objects/os.o
                0x00000188                Task100ms
 .text.Task1000ms
                0x0000018a        0x2 out/objects/os.o
                0x0000018a                Task1000ms
 .text.Task1ms  0x0000018c        0x4 out/objects/os.o
                0x0000018c                Task1ms
 .text.OsInit   0x00000190       0x7a out/objects/os.o
                0x00000190                OsInit
 .text.OsStart  0x0000020a       0x7c out/objects/os.o
                0x0000020a                OsStart
 .text.Timer3Init
                0x00000286       0x18 out/objects/timer.o
                0x00000286                Timer3Init
 .text.Timer1Init
                0x0000029e       0x3c out/objects/timer.o
                0x0000029e                Timer1Init
 .text.__vector_20
                0x000002da       0x3e out/objects/timer.o
                0x000002da                __vector_20
 .text.UartInit
                0x00000318       0x1c out/objects/uart.o
                0x00000318                UartInit
 .text.uartReceive
                0x00000334       0x10 out/objects/uart.o
                0x00000334                uartReceive
 .text.__vector_27
                0x00000344       0x70 out/objects/uart.o
                0x00000344                __vector_27
 .text.uartTxHandler
                0x000003b4       0x32 out/objects/uart.o
                0x000003b4                uartTxHandler
 .text.uartSendMsg
                0x000003e6       0x22 out/objects/uart.o
                0x000003e6                uartSendMsg
 .text.uartSendNr
                0x00000408       0x3e out/objects/uart.o
                0x00000408                uartSendNr
 .text.__vector_25
                0x00000446       0xda out/objects/uart.o
                0x00000446                __vector_25
 .text.uartReceiveFromESP
                0x00000520        0x2 out/objects/uart.o
                0x00000520                uartReceiveFromESP
 .text.QueuePush
                0x00000522       0x2c out/objects/uartQueue.o
                0x00000522                QueuePush
 .text.QueuePop
                0x0000054e       0x30 out/objects/uartQueue.o
                0x0000054e                QueuePop
 .text.IntegerToAscii
                0x0000057e      0x108 out/objects/uartQueue.o
                0x0000057e                IntegerToAscii
 .text.libgcc.mul
                0x00000686        0x0 d:/atmeltoolchain_balboa/tools/compiler/bin/../lib/gcc/avr/5.4.0/avr5\libgcc.a(_divmodsi4.o)
 .text.libgcc.div
                0x00000686       0x28 d:/atmeltoolchain_balboa/tools/compiler/bin/../lib/gcc/avr/5.4.0/avr5\libgcc.a(_divmodsi4.o)
                0x00000686                __divmodsi4
 .text.libgcc   0x000006ae        0x0 d:/atmeltoolchain_balboa/tools/compiler/bin/../lib/gcc/avr/5.4.0/avr5\libgcc.a(_divmodsi4.o)
 .text.libgcc.prologue
                0x000006ae        0x0 d:/atmeltoolchain_balboa/tools/compiler/bin/../lib/gcc/avr/5.4.0/avr5\libgcc.a(_divmodsi4.o)
 .text.libgcc.builtins
                0x000006ae        0x0 d:/atmeltoolchain_balboa/tools/compiler/bin/../lib/gcc/avr/5.4.0/avr5\libgcc.a(_divmodsi4.o)
 .text.libgcc.fmul
                0x000006ae        0x0 d:/atmeltoolchain_balboa/tools/compiler/bin/../lib/gcc/avr/5.4.0/avr5\libgcc.a(_divmodsi4.o)
 .text.libgcc.fixed
                0x000006ae        0x0 d:/atmeltoolchain_balboa/tools/compiler/bin/../lib/gcc/avr/5.4.0/avr5\libgcc.a(_divmodsi4.o)
 .text.libgcc.mul
                0x000006ae        0x0 d:/atmeltoolchain_balboa/tools/compiler/bin/../lib/gcc/avr/5.4.0/avr5\libgcc.a(_negsi2.o)
 .text.libgcc.div
                0x000006ae       0x10 d:/atmeltoolchain_balboa/tools/compiler/bin/../lib/gcc/avr/5.4.0/avr5\libgcc.a(_negsi2.o)
                0x000006ae                __negsi2
 .text.libgcc   0x000006be        0x0 d:/atmeltoolchain_balboa/tools/compiler/bin/../lib/gcc/avr/5.4.0/avr5\libgcc.a(_negsi2.o)
 .text.libgcc.prologue
                0x000006be        0x0 d:/atmeltoolchain_balboa/tools/compiler/bin/../lib/gcc/avr/5.4.0/avr5\libgcc.a(_negsi2.o)
 .text.libgcc.builtins
                0x000006be        0x0 d:/atmeltoolchain_balboa/tools/compiler/bin/../lib/gcc/avr/5.4.0/avr5\libgcc.a(_negsi2.o)
 .text.libgcc.fmul
                0x000006be        0x0 d:/atmeltoolchain_balboa/tools/compiler/bin/../lib/gcc/avr/5.4.0/avr5\libgcc.a(_negsi2.o)
 .text.libgcc.fixed
                0x000006be        0x0 d:/atmeltoolchain_balboa/tools/compiler/bin/../lib/gcc/avr/5.4.0/avr5\libgcc.a(_negsi2.o)
 .text.libgcc.mul
                0x000006be        0x0 d:/atmeltoolchain_balboa/tools/compiler/bin/../lib/gcc/avr/5.4.0/avr5\libgcc.a(_exit.o)
 .text.libgcc.div
                0x000006be        0x0 d:/atmeltoolchain_balboa/tools/compiler/bin/../lib/gcc/avr/5.4.0/avr5\libgcc.a(_exit.o)
 .text.libgcc   0x000006be        0x0 d:/atmeltoolchain_balboa/tools/compiler/bin/../lib/gcc/avr/5.4.0/avr5\libgcc.a(_exit.o)
 .text.libgcc.prologue
                0x000006be        0x0 d:/atmeltoolchain_balboa/tools/compiler/bin/../lib/gcc/avr/5.4.0/avr5\libgcc.a(_exit.o)
 .text.libgcc.builtins
                0x000006be        0x0 d:/atmeltoolchain_balboa/tools/compiler/bin/../lib/gcc/avr/5.4.0/avr5\libgcc.a(_exit.o)
 .text.libgcc.fmul
                0x000006be        0x0 d:/atmeltoolchain_balboa/tools/compiler/bin/../lib/gcc/avr/5.4.0/avr5\libgcc.a(_exit.o)
 .text.libgcc.fixed
                0x000006be        0x0 d:/atmeltoolchain_balboa/tools/compiler/bin/../lib/gcc/avr/5.4.0/avr5\libgcc.a(_exit.o)
 .text.libgcc.mul
                0x000006be        0x0 d:/atmeltoolchain_balboa/tools/compiler/bin/../lib/gcc/avr/5.4.0/avr5\libgcc.a(_copy_data.o)
 .text.libgcc.div
                0x000006be        0x0 d:/atmeltoolchain_balboa/tools/compiler/bin/../lib/gcc/avr/5.4.0/avr5\libgcc.a(_copy_data.o)
 .text.libgcc   0x000006be        0x0 d:/atmeltoolchain_balboa/tools/compiler/bin/../lib/gcc/avr/5.4.0/avr5\libgcc.a(_copy_data.o)
 .text.libgcc.prologue
                0x000006be        0x0 d:/atmeltoolchain_balboa/tools/compiler/bin/../lib/gcc/avr/5.4.0/avr5\libgcc.a(_copy_data.o)
 .text.libgcc.builtins
                0x000006be        0x0 d:/atmeltoolchain_balboa/tools/compiler/bin/../lib/gcc/avr/5.4.0/avr5\libgcc.a(_copy_data.o)
 .text.libgcc.fmul
                0x000006be        0x0 d:/atmeltoolchain_balboa/tools/compiler/bin/../lib/gcc/avr/5.4.0/avr5\libgcc.a(_copy_data.o)
 .text.libgcc.fixed
                0x000006be        0x0 d:/atmeltoolchain_balboa/tools/compiler/bin/../lib/gcc/avr/5.4.0/avr5\libgcc.a(_copy_data.o)
 .text.libgcc.mul
                0x000006be        0x0 d:/atmeltoolchain_balboa/tools/compiler/bin/../lib/gcc/avr/5.4.0/avr5\libgcc.a(_clear_bss.o)
 .text.libgcc.div
                0x000006be        0x0 d:/atmeltoolchain_balboa/tools/compiler/bin/../lib/gcc/avr/5.4.0/avr5\libgcc.a(_clear_bss.o)
 .text.libgcc   0x000006be        0x0 d:/atmeltoolchain_balboa/tools/compiler/bin/../lib/gcc/avr/5.4.0/avr5\libgcc.a(_clear_bss.o)
 .text.libgcc.prologue
                0x000006be        0x0 d:/atmeltoolchain_balboa/tools/compiler/bin/../lib/gcc/avr/5.4.0/avr5\libgcc.a(_clear_bss.o)
 .text.libgcc.builtins
                0x000006be        0x0 d:/atmeltoolchain_balboa/tools/compiler/bin/../lib/gcc/avr/5.4.0/avr5\libgcc.a(_clear_bss.o)
 .text.libgcc.fmul
                0x000006be        0x0 d:/atmeltoolchain_balboa/tools/compiler/bin/../lib/gcc/avr/5.4.0/avr5\libgcc.a(_clear_bss.o)
 .text.libgcc.fixed
                0x000006be        0x0 d:/atmeltoolchain_balboa/tools/compiler/bin/../lib/gcc/avr/5.4.0/avr5\libgcc.a(_clear_bss.o)
 .text.libgcc.mul
                0x000006be        0x0 d:/atmeltoolchain_balboa/tools/compiler/bin/../lib/gcc/avr/5.4.0/avr5\libgcc.a(_prologue.o)
 .text.libgcc.div
                0x000006be        0x0 d:/atmeltoolchain_balboa/tools/compiler/bin/../lib/gcc/avr/5.4.0/avr5\libgcc.a(_prologue.o)
 .text.libgcc   0x000006be        0x0 d:/atmeltoolchain_balboa/tools/compiler/bin/../lib/gcc/avr/5.4.0/avr5\libgcc.a(_prologue.o)
 .text.libgcc.prologue
                0x000006be       0x38 d:/atmeltoolchain_balboa/tools/compiler/bin/../lib/gcc/avr/5.4.0/avr5\libgcc.a(_prologue.o)
                0x000006be                __prologue_saves__
 .text.libgcc.builtins
                0x000006f6        0x0 d:/atmeltoolchain_balboa/tools/compiler/bin/../lib/gcc/avr/5.4.0/avr5\libgcc.a(_prologue.o)
 .text.libgcc.fmul
                0x000006f6        0x0 d:/atmeltoolchain_balboa/tools/compiler/bin/../lib/gcc/avr/5.4.0/avr5\libgcc.a(_prologue.o)
 .text.libgcc.fixed
                0x000006f6        0x0 d:/atmeltoolchain_balboa/tools/compiler/bin/../lib/gcc/avr/5.4.0/avr5\libgcc.a(_prologue.o)
 .text.libgcc.mul
                0x000006f6        0x0 d:/atmeltoolchain_balboa/tools/compiler/bin/../lib/gcc/avr/5.4.0/avr5\libgcc.a(_epilogue.o)
 .text.libgcc.div
                0x000006f6        0x0 d:/atmeltoolchain_balboa/tools/compiler/bin/../lib/gcc/avr/5.4.0/avr5\libgcc.a(_epilogue.o)
 .text.libgcc   0x000006f6        0x0 d:/atmeltoolchain_balboa/tools/compiler/bin/../lib/gcc/avr/5.4.0/avr5\libgcc.a(_epilogue.o)
 .text.libgcc.prologue
                0x000006f6       0x36 d:/atmeltoolchain_balboa/tools/compiler/bin/../lib/gcc/avr/5.4.0/avr5\libgcc.a(_epilogue.o)
                0x000006f6                __epilogue_restores__
 .text.libgcc.builtins
                0x0000072c        0x0 d:/atmeltoolchain_balboa/tools/compiler/bin/../lib/gcc/avr/5.4.0/avr5\libgcc.a(_epilogue.o)
 .text.libgcc.fmul
                0x0000072c        0x0 d:/atmeltoolchain_balboa/tools/compiler/bin/../lib/gcc/avr/5.4.0/avr5\libgcc.a(_epilogue.o)
 .text.libgcc.fixed
                0x0000072c        0x0 d:/atmeltoolchain_balboa/tools/compiler/bin/../lib/gcc/avr/5.4.0/avr5\libgcc.a(_epilogue.o)
 .text.libgcc.mul
                0x0000072c        0x0 d:/atmeltoolchain_balboa/tools/compiler/bin/../lib/gcc/avr/5.4.0/avr5\libgcc.a(_udivmodsi4.o)
 .text.libgcc.div
                0x0000072c       0x44 d:/atmeltoolchain_balboa/tools/compiler/bin/../lib/gcc/avr/5.4.0/avr5\libgcc.a(_udivmodsi4.o)
                0x0000072c                __udivmodsi4
 .text.libgcc   0x00000770        0x0 d:/atmeltoolchain_balboa/tools/compiler/bin/../lib/gcc/avr/5.4.0/avr5\libgcc.a(_udivmodsi4.o)
 .text.libgcc.prologue
                0x00000770        0x0 d:/atmeltoolchain_balboa/tools/compiler/bin/../lib/gcc/avr/5.4.0/avr5\libgcc.a(_udivmodsi4.o)
 .text.libgcc.builtins
                0x00000770        0x0 d:/atmeltoolchain_balboa/tools/compiler/bin/../lib/gcc/avr/5.4.0/avr5\libgcc.a(_udivmodsi4.o)
 .text.libgcc.fmul
                0x00000770        0x0 d:/atmeltoolchain_balboa/tools/compiler/bin/../lib/gcc/avr/5.4.0/avr5\libgcc.a(_udivmodsi4.o)
 .text.libgcc.fixed
                0x00000770        0x0 d:/atmeltoolchain_balboa/tools/compiler/bin/../lib/gcc/avr/5.4.0/avr5\libgcc.a(_udivmodsi4.o)
                0x00000770                . = ALIGN (0x2)
 *(.fini9)
 .fini9         0x00000770        0x0 d:/atmeltoolchain_balboa/tools/compiler/bin/../lib/gcc/avr/5.4.0/avr5\libgcc.a(_exit.o)
                0x00000770                _exit
                0x00000770                exit
 *(.fini9)
 *(.fini8)
 *(.fini8)
 *(.fini7)
 *(.fini7)
 *(.fini6)
 *(.fini6)
 *(.fini5)
 *(.fini5)
 *(.fini4)
 *(.fini4)
 *(.fini3)
 *(.fini3)
 *(.fini2)
 *(.fini2)
 *(.fini1)
 *(.fini1)
 *(.fini0)
 .fini0         0x00000770        0x4 d:/atmeltoolchain_balboa/tools/compiler/bin/../lib/gcc/avr/5.4.0/avr5\libgcc.a(_exit.o)
 *(.fini0)
                0x00000774                _etext = .

.data           0x00800100       0x22 load address 0x00000774
                0x00800100                PROVIDE (__data_start, .)
 *(.data)
 .data          0x00800100        0x0 d:/atmeltoolchain_balboa/tools/compiler/bin/../lib/gcc/avr/5.4.0/../../../../avr/lib/avr5/crtatmega32u4.o
 .data          0x00800100        0x0 out/objects/initialization.o
 .data          0x00800100        0x0 out/objects/main.o
 .data          0x00800100        0x0 out/objects/motors.o
 .data          0x00800100        0x0 out/objects/os.o
 .data          0x00800100        0x0 out/objects/timer.o
 .data          0x00800100        0x0 out/objects/uart.o
 .data          0x00800100        0x0 out/objects/uartQueue.o
 .data          0x00800100        0x0 d:/atmeltoolchain_balboa/tools/compiler/bin/../lib/gcc/avr/5.4.0/avr5\libgcc.a(_divmodsi4.o)
 .data          0x00800100        0x0 d:/atmeltoolchain_balboa/tools/compiler/bin/../lib/gcc/avr/5.4.0/avr5\libgcc.a(_negsi2.o)
 .data          0x00800100        0x0 d:/atmeltoolchain_balboa/tools/compiler/bin/../lib/gcc/avr/5.4.0/avr5\libgcc.a(_exit.o)
 .data          0x00800100        0x0 d:/atmeltoolchain_balboa/tools/compiler/bin/../lib/gcc/avr/5.4.0/avr5\libgcc.a(_copy_data.o)
 .data          0x00800100        0x0 d:/atmeltoolchain_balboa/tools/compiler/bin/../lib/gcc/avr/5.4.0/avr5\libgcc.a(_clear_bss.o)
 .data          0x00800100        0x0 d:/atmeltoolchain_balboa/tools/compiler/bin/../lib/gcc/avr/5.4.0/avr5\libgcc.a(_prologue.o)
 .data          0x00800100        0x0 d:/atmeltoolchain_balboa/tools/compiler/bin/../lib/gcc/avr/5.4.0/avr5\libgcc.a(_epilogue.o)
 .data          0x00800100        0x0 d:/atmeltoolchain_balboa/tools/compiler/bin/../lib/gcc/avr/5.4.0/avr5\libgcc.a(_udivmodsi4.o)
 *(.data*)
 .data.PWM2     0x00800100        0x2 out/objects/motors.o
                0x00800100                PWM2
 .data.PWM1     0x00800102        0x2 out/objects/motors.o
                0x00800102                PWM1
 *(.gnu.linkonce.d*)
 *(.rodata)
 *(.rodata*)
 .rodata.str1.1
                0x00800104        0xe out/objects/uart.o
 .rodata.Chars.2132
                0x00800112       0x10 out/objects/uartQueue.o
 *(.gnu.linkonce.r*)
                0x00800122                . = ALIGN (0x2)
                0x00800122                _edata = .
                0x00800122                PROVIDE (__data_end, .)

.bss            0x00800122       0x91
                0x00800122                PROVIDE (__bss_start, .)
 *(.bss)
 .bss           0x00800122        0x0 d:/atmeltoolchain_balboa/tools/compiler/bin/../lib/gcc/avr/5.4.0/../../../../avr/lib/avr5/crtatmega32u4.o
 .bss           0x00800122        0x0 out/objects/initialization.o
 .bss           0x00800122        0x0 out/objects/main.o
 .bss           0x00800122        0x0 out/objects/motors.o
 .bss           0x00800122        0x0 out/objects/os.o
 .bss           0x00800122        0x0 out/objects/timer.o
 .bss           0x00800122        0x0 out/objects/uart.o
 .bss           0x00800122        0x0 out/objects/uartQueue.o
 .bss           0x00800122        0x0 d:/atmeltoolchain_balboa/tools/compiler/bin/../lib/gcc/avr/5.4.0/avr5\libgcc.a(_divmodsi4.o)
 .bss           0x00800122        0x0 d:/atmeltoolchain_balboa/tools/compiler/bin/../lib/gcc/avr/5.4.0/avr5\libgcc.a(_negsi2.o)
 .bss           0x00800122        0x0 d:/atmeltoolchain_balboa/tools/compiler/bin/../lib/gcc/avr/5.4.0/avr5\libgcc.a(_exit.o)
 .bss           0x00800122        0x0 d:/atmeltoolchain_balboa/tools/compiler/bin/../lib/gcc/avr/5.4.0/avr5\libgcc.a(_copy_data.o)
 .bss           0x00800122        0x0 d:/atmeltoolchain_balboa/tools/compiler/bin/../lib/gcc/avr/5.4.0/avr5\libgcc.a(_clear_bss.o)
 .bss           0x00800122        0x0 d:/atmeltoolchain_balboa/tools/compiler/bin/../lib/gcc/avr/5.4.0/avr5\libgcc.a(_prologue.o)
 .bss           0x00800122        0x0 d:/atmeltoolchain_balboa/tools/compiler/bin/../lib/gcc/avr/5.4.0/avr5\libgcc.a(_epilogue.o)
 .bss           0x00800122        0x0 d:/atmeltoolchain_balboa/tools/compiler/bin/../lib/gcc/avr/5.4.0/avr5\libgcc.a(_udivmodsi4.o)
 *(.bss*)
 .bss.FlagReceiver
                0x00800122        0x1 out/objects/uart.o
                0x00800122                FlagReceiver
 .bss.comTrigger
                0x00800123        0x1 out/objects/uart.o
                0x00800123                comTrigger
 .bss.ReceiverBuffer
                0x00800124        0x1 out/objects/uart.o
                0x00800124                ReceiverBuffer
 .bss.buffer    0x00800125       0x64 out/objects/uart.o
 .bss.tail      0x00800189        0x1 out/objects/uartQueue.o
 .bss.head      0x0080018a        0x1 out/objects/uartQueue.o
 *(COMMON)
 COMMON         0x0080018b       0x24 out/objects/os.o
                0x0080018b                Tasks
 COMMON         0x008001af        0x4 out/objects/uart.o
                0x008001af                uartPWM1
                0x008001b1                uartPWM2
                0x008001b3                PROVIDE (__bss_end, .)
                0x00000774                __data_load_start = LOADADDR (.data)
                0x00000796                __data_load_end = (__data_load_start + SIZEOF (.data))

.noinit         0x008001b3        0x0
                [!provide]                PROVIDE (__noinit_start, .)
 *(.noinit*)
                [!provide]                PROVIDE (__noinit_end, .)
                0x008001b3                _end = .
                [!provide]                PROVIDE (__heap_start, .)

.eeprom         0x00810000        0x0
 *(.eeprom*)
                0x00810000                __eeprom_end = .

.fuse
 *(.fuse)
 *(.lfuse)
 *(.hfuse)
 *(.efuse)

.lock
 *(.lock*)

.signature
 *(.signature*)

.user_signatures
 *(.user_signatures*)

.stab
 *(.stab)

.stabstr
 *(.stabstr)

.stab.excl
 *(.stab.excl)

.stab.exclstr
 *(.stab.exclstr)

.stab.index
 *(.stab.index)

.stab.indexstr
 *(.stab.indexstr)

.comment        0x00000000       0x30
 *(.comment)
 .comment       0x00000000       0x30 out/objects/initialization.o
                                 0x31 (size before relaxing)
 .comment       0x00000030       0x31 out/objects/main.o
 .comment       0x00000030       0x31 out/objects/motors.o
 .comment       0x00000030       0x31 out/objects/os.o
 .comment       0x00000030       0x31 out/objects/timer.o
 .comment       0x00000030       0x31 out/objects/uart.o
 .comment       0x00000030       0x31 out/objects/uartQueue.o

.note.gnu.avr.deviceinfo
                0x00000000       0x40
 .note.gnu.avr.deviceinfo
                0x00000000       0x40 d:/atmeltoolchain_balboa/tools/compiler/bin/../lib/gcc/avr/5.4.0/../../../../avr/lib/avr5/crtatmega32u4.o

.note.gnu.build-id
 *(.note.gnu.build-id)

.debug
 *(.debug)

.line
 *(.line)

.debug_srcinfo
 *(.debug_srcinfo)

.debug_sfnames
 *(.debug_sfnames)

.debug_aranges
 *(.debug_aranges)

.debug_pubnames
 *(.debug_pubnames)

.debug_info     0x00000000      0x9f4
 *(.debug_info .gnu.linkonce.wi.*)
 .debug_info    0x00000000      0x9f4 d:/atmeltoolchain_balboa/tools/compiler/bin/../lib/gcc/avr/5.4.0/../../../../avr/lib/avr5/crtatmega32u4.o

.debug_abbrev   0x00000000      0x96a
 *(.debug_abbrev)
 .debug_abbrev  0x00000000      0x96a d:/atmeltoolchain_balboa/tools/compiler/bin/../lib/gcc/avr/5.4.0/../../../../avr/lib/avr5/crtatmega32u4.o

.debug_line     0x00000000       0x1a
 *(.debug_line .debug_line.* .debug_line_end)
 .debug_line    0x00000000       0x1a d:/atmeltoolchain_balboa/tools/compiler/bin/../lib/gcc/avr/5.4.0/../../../../avr/lib/avr5/crtatmega32u4.o

.debug_frame
 *(.debug_frame)

.debug_str      0x00000000      0x371
 *(.debug_str)
 .debug_str     0x00000000      0x371 d:/atmeltoolchain_balboa/tools/compiler/bin/../lib/gcc/avr/5.4.0/../../../../avr/lib/avr5/crtatmega32u4.o

.debug_loc
 *(.debug_loc)

.debug_macinfo
 *(.debug_macinfo)

.debug_weaknames
 *(.debug_weaknames)

.debug_funcnames
 *(.debug_funcnames)

.debug_typenames
 *(.debug_typenames)

.debug_varnames
 *(.debug_varnames)

.debug_pubtypes
 *(.debug_pubtypes)

.debug_ranges
 *(.debug_ranges)

.debug_macro
 *(.debug_macro)
OUTPUT(out/out.elf elf32-avr)
LOAD linker stubs
